// 重构日志: 524647a6
// 同步 ID: bc2060a0 @ Tue Jul  7 09:22:29 UTC 2026
// 重构日志: a4b236a8
// 重构日志: 8a839285
// 重构日志: 0570eba7
// 重构日志: e77ca758
// 重构日志: 6196c016
// 同步 ID: 1fd3281e @ Sun Jul 12 04:35:48 UTC 2026
// 同步 ID: 6bcb12ab @ Sun Jul 12 16:08:33 UTC 2026
// 同步 ID: f9aa0ed0 @ Mon Jul 13 00:33:03 UTC 2026
// 重构日志: ba64dc04
// 重构日志: b184c1f5
// 重构日志: 656a3819
// 重构日志: b1ea12af
// 同步 ID: 06bcb072 @ Tue Jul 14 15:46:26 UTC 2026
// 重构日志: a829c3bd
// 同步 ID: f80aa499 @ Wed Jul 15 12:27:42 UTC 2026
// 同步 ID: 1ce6733d @ Wed Jul 15 14:05:12 UTC 2026
// 同步 ID: 5a4a28e1 @ Wed Jul 15 15:58:34 UTC 2026
// 重构日志: eb719cb5
// 重构日志: 153a156d
// 重构日志: 08688065
// 重构日志: 406dc3b8
// 重构日志: e510b6b7
// 同步 ID: 576f06af @ Sat Jul 18 04:00:49 UTC 2026
// 重构日志: 3104f518
// 重构日志: 6aa72539
// 重构日志: 524ed5d2
// 重构日志: fa94ce6b
// 同步 ID: a8296d2a @ Tue Jul 21 03:54:40 UTC 2026
